// Jest Snapshot v1, https://goo.gl/fbAQLP

exports[`App component renders normally 1`] = `
<div>
  Hello World
</div>
`;